VIOLATION trial=5 S=(0,) T=(0, 3) i=5
  f(S+i)-f(S) = -207777829717/1469109624035
  f(T+i)-f(T) = -156716773/1107431115
  L rows:
    ['8', '3/2', '-1/4', '-3/4', '1', '-3/2']
    ['3/2', '26/3', '-3/2', '-1/3', '4/3', '1']
    ['-1/4', '-3/2', '9/2', '-1', '-1/2', '-1/4']
    ['-3/4', '-1/3', '-1', '61/12', '-3/2', '1/2']
    ['1', '4/3', '-1/2', '-3/2', '28/3', '-2']
    ['-3/2', '1', '-1/4', '1/2', '-2', '33/4']
VIOLATION trial=6 S=(4, 5) T=(1, 4, 5) i=0
  f(S+i)-f(S) = -1253514224174/5668234994819
  f(T+i)-f(T) = -83676422/378286793
  L rows:
    ['19/4', '-1/2', '-3/2', '-1/4', '1/2', '-1']
    ['-1/2', '137/12', '4', '2/3', '-4', '1/4']
    ['-3/2', '4', '79/6', '2', '2', '2/3']
    ['-1/4', '2/3', '2', '85/12', '2/3', '-3/2']
    ['1/2', '-4', '2', '2/3', '61/6', '-1']
    ['-1', '1/4', '2/3', '-3/2', '-1', '77/12']
VIOLATION trial=11 S=(3, 4) T=(1, 3, 4) i=2
  f(S+i)-f(S) = -33112020/183815183
  f(T+i)-f(T) = -13272/73625
  L rows:
    ['17/2', '-2', '-1/2', '1/4', '3/4', '-2']
    ['-2', '15/2', '-1/2', '-3/2', '3/2', '-1']
    ['-1/2', '-1/2', '95/12', '-2/3', '-1/4', '4']
    ['1/4', '-3/2', '-2/3', '71/12', '1', '-1/2']
    ['3/4', '3/2', '-1/4', '1', '13/2', '-2']
    ['-2', '-1', '4', '-1/2', '-2', '21/2']
VIOLATION trial=12 S=(4,) T=(0, 4) i=1
  f(S+i)-f(S) = -4540569551/37824440016
  f(T+i)-f(T) = -1533046264/12721257711
  L rows:
    ['37/3', '2', '-3', '-2', '-1', '4/3']
    ['2', '39/4', '-1', '-1', '-3/4', '2']
    ['-3', '-1', '26/3', '-2/3', '-1', '1']
    ['-2', '-1', '-2/3', '23/3', '-2/3', '1/3']
    ['-1', '-3/4', '-1', '-2/3', '113/12', '-4']
    ['4/3', '2', '1', '1/3', '-4', '32/3']
sdd: checked 90 nested-pair inequalities on 15 random matrices (n=6, seed=7)
strict violations of diminishing error-reduction: 4
counterexample candidate(s) found — see instances above
